// Jest Snapshot v1, https://goo.gl/fbAQLP

exports[`Cashier should match the snapshot 1`] = `
<DocumentFragment>
  <main
    class="Cashier Container"
  >
    <header
      class="Cashier-header"
    >
      <h1>
        Nova venda
      </h1>
      <time />
    </header>
    <div
      class="ProductCard"
    >
      <span
        class="ProductCard-icon"
        data-testid="product-icon"
      />
      <p>
        Product name
      </p>
    </div>
  </main>
</DocumentFragment>
`;
